==2638831== Memcheck, a memory error detector
==2638831== Copyright (C) 2002-2017, and GNU GPL'd, by Julian Seward et al.
==2638831== Using Valgrind-3.18.1 and LibVEX; rerun with -h for copyright info
==2638831== Command: ./cub3d maps/valid/creepy.cub
==2638831== 
Merged color token: '35,19,73 '
Merged color token: '15,6,40 '
111111111111111
111111FFF111111
11111FFFFF11111
1111FFFFFFF1111
111FFFFFFFFF111
11FFFFFFFFFFF11
1FFFF11111FFFF1
11FFFF111FFFF11
111FFFF1FFFF111
1111FFFFFFF1111
11111FFFFF11111
111111FFF111111
111111111111111

==2638831== 
==2638831== HEAP SUMMARY:
==2638831==     in use at exit: 0 bytes in 0 blocks
==2638831==   total heap usage: 1,404 allocs, 1,404 frees, 937,949 bytes allocated
==2638831== 
==2638831== All heap blocks were freed -- no leaks are possible
==2638831== 
==2638831== For lists of detected and suppressed errors, rerun with: -s
==2638831== ERROR SUMMARY: 0 errors from 0 contexts (suppressed: 1 from 1)
