==2638840== Memcheck, a memory error detector
==2638840== Copyright (C) 2002-2017, and GNU GPL'd, by Julian Seward et al.
==2638840== Using Valgrind-3.18.1 and LibVEX; rerun with -h for copyright info
==2638840== Command: ./cub3d maps/valid/dungeon.cub
==2638840== 
Merged color token: '76,76,76 '
Merged color token: '99,99,99 '
1111111111111111111
1FF1FF1FF1FF1FFFFF1
1F11FFFFF1FFFFF1FF1
1FF1FF1FF11111F1111
1FF1111FFFFF1FF1FF1
1FFFFFFFFFFFFFF1FF1
1FF1111111111FF1FF1
1111FFFFFFFFFFF1F11
1FFFFFFFF1FFFFFFFF1
1111111111111111111

==2638840== 
==2638840== HEAP SUMMARY:
==2638840==     in use at exit: 0 bytes in 0 blocks
==2638840==   total heap usage: 1,357 allocs, 1,357 frees, 937,645 bytes allocated
==2638840== 
==2638840== All heap blocks were freed -- no leaks are possible
==2638840== 
==2638840== For lists of detected and suppressed errors, rerun with: -s
==2638840== ERROR SUMMARY: 0 errors from 0 contexts (suppressed: 1 from 1)
