==2638844== Memcheck, a memory error detector
==2638844== Copyright (C) 2002-2017, and GNU GPL'd, by Julian Seward et al.
==2638844== Using Valgrind-3.18.1 and LibVEX; rerun with -h for copyright info
==2638844== Command: ./cub3d maps/valid/file_letter_end.cub
==2638844== 
Merged color token: '20,20,20 '
Merged color token: '200,200,200 '
11111
1FFF1
1FFF1
1FFF1
1FFF1
1FFF1
11FF1
1FFF1
1FFF1
1FFF1
1FFF1
1FFF1
11111













1
==2638844== 
==2638844== HEAP SUMMARY:
==2638844==     in use at exit: 0 bytes in 0 blocks
==2638844==   total heap usage: 1,421 allocs, 1,421 frees, 936,292 bytes allocated
==2638844== 
==2638844== All heap blocks were freed -- no leaks are possible
==2638844== 
==2638844== For lists of detected and suppressed errors, rerun with: -s
==2638844== ERROR SUMMARY: 0 errors from 0 contexts (suppressed: 1 from 1)
