==2638858== Memcheck, a memory error detector
==2638858== Copyright (C) 2002-2017, and GNU GPL'd, by Julian Seward et al.
==2638858== Using Valgrind-3.18.1 and LibVEX; rerun with -h for copyright info
==2638858== Command: ./cub3d maps/valid/forbidden.cub
==2638858== 
Merged color token: '18,53,25 '
Merged color token: '153,204,255 '
111111111111
1         11
1          1
111111111111
1FFFFFFFFFF1
111111111111
11         1
111111111111
==2638858== 
==2638858== HEAP SUMMARY:
==2638858==     in use at exit: 0 bytes in 0 blocks
==2638858==   total heap usage: 1,238 allocs, 1,238 frees, 935,542 bytes allocated
==2638858== 
==2638858== All heap blocks were freed -- no leaks are possible
==2638858== 
==2638858== For lists of detected and suppressed errors, rerun with: -s
==2638858== ERROR SUMMARY: 0 errors from 0 contexts (suppressed: 1 from 1)
