==2638868== Memcheck, a memory error detector
==2638868== Copyright (C) 2002-2017, and GNU GPL'd, by Julian Seward et al.
==2638868== Using Valgrind-3.18.1 and LibVEX; rerun with -h for copyright info
==2638868== Command: ./cub3d maps/valid/library.cub
==2638868== 
Merged color token: '139,99,58 '
Merged color token: '171,154,137 '
1111111111111111111
1FF1FF1FF1FF1FF1FF1
1FF1FF1FF1FF1FF1FF1
1FF1FF1FF1FF1FF1FF1
1FF1FF1FFFFF1FF1FF1
1FFFFFFFFFFFFFFFFF1
1FFFF11111111FFFFF1
1111FFFFFFFFFFF1111
1FFFFFF1F1F1FFFFFF1
1111111111111111111

==2638868== 
==2638868== HEAP SUMMARY:
==2638868==     in use at exit: 0 bytes in 0 blocks
==2638868==   total heap usage: 1,363 allocs, 1,363 frees, 937,776 bytes allocated
==2638868== 
==2638868== All heap blocks were freed -- no leaks are possible
==2638868== 
==2638868== For lists of detected and suppressed errors, rerun with: -s
==2638868== ERROR SUMMARY: 0 errors from 0 contexts (suppressed: 1 from 1)
