==2638880== Memcheck, a memory error detector
==2638880== Copyright (C) 2002-2017, and GNU GPL'd, by Julian Seward et al.
==2638880== Using Valgrind-3.18.1 and LibVEX; rerun with -h for copyright info
==2638880== Command: ./cub3d maps/valid/MAX_VERSTAPPEN.cub
==2638880== 
==2638880== Conditional jump or move depends on uninitialised value(s)
==2638880==    at 0x4047DC: destroy_texture_images (memory.c:24)
==2638880==    by 0x40474E: free_textures_and_images_and_grid (memory.c:42)
==2638880==    by 0x404544: exit_safe (error.c:69)
==2638880==    by 0x4067CA: load_textures (textures.c:22)
==2638880==    by 0x4065C8: create_window (window.c:20)
==2638880==    by 0x4025E9: main (main.c:26)
==2638880== 
Texture yüklenemedi!
Merged color token: '220,100,0 '
Merged color token: '225,30,0 '
        1111111111111111111111111       111111111111
        1000000000110000000000001       110001100011
        1011000001110000000000001       111000000011
        1001000000000000000000001       110001110001
111111111011000001110000000000001       110000000001
100000000011000001110111111111111       111111111111
11110111111111011100000010001
11110111111111011101010010001
11000000110101011100000010001
11111111111111111111111111111

11111111111111111111111111111
10000000000000001100000010001
10000000000000001101010010001
1100000111010101111101111000111
11110111 1110101 101111010001
11111111 1111111 111111111111

1111111111111111111111111111111111111111111111
1000000000000000000000000000000000000000000001
1000000000000000000000000000000000000000000001
1000000000000000000000000000000000000000000001
1000000000001111111111111111111110000000000001
1000000000001                   10000000000001
1000000000001  111111111111111  10000000000001
1000000000001  1FFFFFFFFFFFFF1  10000000000001
1000000000001  1FFFF11111FFFF1  10000000000001
1000000000001  1FFFFFFF11FFFF1  10000000000001
1000000000001  1FFFFFFFFFFFFF1  10000000000001
1000000000001  1FF11FFFFFFFFF1  10000000000001
1000000000001  111111111111111  10000000000001
1000000000001                   10000000000001
1000000000001111111111111111111110000000000001
1000000000000000000000000000000000000000000001
1000000000000000000000000000000000000000000001
1000000000000000000000000000000000000000000001
1000000000000000000000000000000000000000000001
1111111111111111111111111111111111111111111111
==2638880== 
==2638880== HEAP SUMMARY:
==2638880==     in use at exit: 0 bytes in 0 blocks
==2638880==   total heap usage: 2,357 allocs, 2,357 frees, 142,537 bytes allocated
==2638880== 
==2638880== All heap blocks were freed -- no leaks are possible
==2638880== 
==2638880== Use --track-origins=yes to see where uninitialised values come from
==2638880== For lists of detected and suppressed errors, rerun with: -s
==2638880== ERROR SUMMARY: 3 errors from 1 contexts (suppressed: 0 from 0)
