==2638895== Memcheck, a memory error detector
==2638895== Copyright (C) 2002-2017, and GNU GPL'd, by Julian Seward et al.
==2638895== Using Valgrind-3.18.1 and LibVEX; rerun with -h for copyright info
==2638895== Command: ./cub3d maps/valid/sad_face.cub
==2638895== 
Merged color token: '53,41,34 '
Merged color token: '45,33,27 '
111111111111111
111111FFF111111
11111FFFFF11111
1111FFFFFFF1111
111FFFFFFFFF111
11FFFFFFFFFFF11
1FFFF11111FFFF1
11FFFF111FFFF11
111FFFF1FFFF111
1111FFFFFFF1111
11111FFFFF11111
111111FFF111111
111111111111111

==2638895== 
==2638895== HEAP SUMMARY:
==2638895==     in use at exit: 0 bytes in 0 blocks
==2638895==   total heap usage: 1,400 allocs, 1,400 frees, 937,655 bytes allocated
==2638895== 
==2638895== All heap blocks were freed -- no leaks are possible
==2638895== 
==2638895== For lists of detected and suppressed errors, rerun with: -s
==2638895== ERROR SUMMARY: 0 errors from 0 contexts (suppressed: 1 from 1)
