==2638905== Memcheck, a memory error detector
==2638905== Copyright (C) 2002-2017, and GNU GPL'd, by Julian Seward et al.
==2638905== Using Valgrind-3.18.1 and LibVEX; rerun with -h for copyright info
==2638905== Command: ./cub3d maps/valid/square_map.cub
==2638905== 
Merged color token: '69, 222, 199 '
Merged color token: '235, 198, 52 '
111111111111111111111111
1FFFFFFFFFFFFFFFFFFFFFF1
1FFFFFFFFFFFFFFFFFFFFFF1
1FFFFFFFFFFFFFFFFFFFFFF1
1FFFFFFFFFFFFFFFFFFFFFF1
1FFFFFFFFFFFFFFFFFFFFFF1
1FFFFFFFFFFFFFFFFFFFFFF1
1FFFFF11111FFFF1F1F1FFF1
1FFFFF10001FFFFFFFFFFFF1
1FFFFF10001FFFF1FFF1FFF1
1FFFFF10001FFFFFFFFFFFF1
1FFFFF1111FFFF1F1F1FFFF1
1FFFFFFFFFFFFFFFFFFFFFF1
1FFFFFFFFFFFFFFFFFFFFFF1
1FFFFFFFFFFFFFFFFFFFFFF1
1FFFFFFFFFFFFFFFFFFFFFF1
1FFFFFFFFFFFFFFFFFFFFFF1
1FFFFFFFFFFFFFFFFFFFFFF1
1FFFFFFFFFFFFFFFFFFFFFF1
111111111FFFFFFFFFFFFFF1
1FF1FFFF1FFFFFFFFFFFFFF1
1FFFFF1F1FFFFFFFFFFFFFF1
1FF1FFFF1FFFFFFFFFFFFFF1
1FF111111FFFFFFFFFFFFFF1
1FFFFFFFFFFFFFFFFFFFFFF1
1FFFFFFFFFFFFFFFFFFFFFF1
111111111111111111111111
==2638905== 
==2638905== HEAP SUMMARY:
==2638905==     in use at exit: 0 bytes in 0 blocks
==2638905==   total heap usage: 2,035 allocs, 2,035 frees, 946,944 bytes allocated
==2638905== 
==2638905== All heap blocks were freed -- no leaks are possible
==2638905== 
==2638905== For lists of detected and suppressed errors, rerun with: -s
==2638905== ERROR SUMMARY: 0 errors from 0 contexts (suppressed: 1 from 1)
