==2639022== Memcheck, a memory error detector
==2639022== Copyright (C) 2002-2017, and GNU GPL'd, by Julian Seward et al.
==2639022== Using Valgrind-3.18.1 and LibVEX; rerun with -h for copyright info
==2639022== Command: ./cub3d maps/valid/works.cub
==2639022== 
Merged color token: '17, 38, 64 '
Merged color token: '218, 234, 235 '
1111111111111111111111111
1FFF11FFFF1FFFFFFFFFFFFF1
1FFF11FFFFFFFFFF111111FF1
1FFF11FFFFFFFFFF11FFF1FF1
1FFFFFFFFF1FFFFFFFFFF1FF1
1111111111111111111111111
==2639022== 
==2639022== HEAP SUMMARY:
==2639022==     in use at exit: 0 bytes in 0 blocks
==2639022==   total heap usage: 1,312 allocs, 1,312 frees, 935,585 bytes allocated
==2639022== 
==2639022== All heap blocks were freed -- no leaks are possible
==2639022== 
==2639022== For lists of detected and suppressed errors, rerun with: -s
==2639022== ERROR SUMMARY: 0 errors from 0 contexts (suppressed: 1 from 1)
