==2639029== Memcheck, a memory error detector
==2639029== Copyright (C) 2002-2017, and GNU GPL'd, by Julian Seward et al.
==2639029== Using Valgrind-3.18.1 and LibVEX; rerun with -h for copyright info
==2639029== Command: ./cub3d maps/valid/x.cub
==2639029== 
Merged color token: '220,100,0 '
Merged color token: '225,30,0 '
        1111111111111111111111111       111111111111
        1FFFFFFFFF11FFFFFFFFFFFF1       110001100011
        1F11FFFFF111FFFFFFFFFFFF1       111000000011
        1FF1FFFFFFFFFFFFFFFFFFFF1       110001110001
111111111F11FFFFF111FFFFFFFFFFFF1       110000000001
1FFFFFFFFF11FFFFF111F111111111111       111111111111
1111F111111111F111FFFFFF10001
1111F111111111F111F1F1FF10001
11FFFFFF110101F111FFFFFF10001
11111111111111111111111111111

11111111111111111111111111111
10000000000000001100000010001
10000000000000001101010010001
1100000111010101111101111000111
11110111 1110101 101111010001
11111111 1111111 111111111111
==2639029== 
==2639029== HEAP SUMMARY:
==2639029==     in use at exit: 0 bytes in 0 blocks
==2639029==   total heap usage: 1,852 allocs, 1,852 frees, 952,218 bytes allocated
==2639029== 
==2639029== All heap blocks were freed -- no leaks are possible
==2639029== 
==2639029== For lists of detected and suppressed errors, rerun with: -s
==2639029== ERROR SUMMARY: 0 errors from 0 contexts (suppressed: 1 from 1)
